yarn run v1.22.22
$ D:\MazadClickV1\Mazad-click-backoffice\node_modules\.bin\tsc --noEmit
src/components/Tables/MuiTable.tsx(1036,14): error TS1109: Expression expected.
src/components/Tables/MuiTable.tsx(1037,11): error TS1109: Expression expected.
src/components/Tables/MuiTable.tsx(1037,13): error TS17002: Expected corresponding JSX closing tag for 'Box'.
src/components/Tables/MuiTable.tsx(1038,11): error TS17002: Expected corresponding JSX closing tag for 'ModernCard'.
src/components/Tables/MuiTable.tsx(1039,9): error TS17015: Expected corresponding closing tag for JSX fragment.
src/components/Tables/MuiTable.tsx(1077,5): error TS1128: Declaration or statement expected.
src/components/Tables/MuiTable.tsx(1077,7): error TS1109: Expression expected.
src/components/Tables/MuiTable.tsx(1078,3): error TS1109: Expression expected.
info Visit https://yarnpkg.com/en/docs/cli/run for documentation about this command.
